// Jest Snapshot v1, https://goo.gl/fbAQLP

exports[`Pruebas en <GifItem /> Debe de hacer match con el snapshot 1`] = `
<div>
  <div
    class="card"
  >
    <img
      alt="Gabo"
      src="https://gabrielravelo.com/"
    />
    <p>
      Gabo
    </p>
  </div>
</div>
`;
